[2026-01-08 18:21:17] [MonitorAgent] Monitoring snapshot: DQI=86.3, HighRisk=12.2%, SAE=9908, Overdue=2309
[2026-01-08 18:25:06] [MonitorAgent] Monitoring snapshot: DQI=86.3, HighRisk=12.2%, SAE=9908, Overdue=2309
[2026-01-08 18:25:27] [PredictAgent] FutureRisk VeryHigh=763, AtRisk=0
[2026-01-08 18:29:11] [MonitorAgent] Monitoring snapshot: DQI=86.3, HighRisk=12.2%, SAE=9908, Overdue=2309
[2026-01-08 18:29:11] [PredictAgent] FutureRisk VeryHigh=763, AtRisk=0
[2026-01-08 18:29:11] [AlertAgent] Raised 1 alerts.
[2026-01-08 18:31:17] [MonitorAgent] Monitoring snapshot: DQI=86.3, HighRisk=12.2%, SAE=9908, Overdue=2309
[2026-01-08 18:31:17] [PredictAgent] FutureRisk VeryHigh=763, AtRisk=0
[2026-01-08 18:31:17] [AlertAgent] Raised 1 alerts.
[2026-01-08 18:31:39] [FixAgent] Generated remediation plan.
[2026-01-08 18:34:36] [MonitorAgent] Monitoring snapshot: DQI=86.3, HighRisk=12.2%, SAE=9908, Overdue=2309
[2026-01-08 18:34:36] [PredictAgent] FutureRisk VeryHigh=763, AtRisk=0
[2026-01-08 18:34:36] [AlertAgent] Raised 1 alerts.
[2026-01-08 18:34:50] [FixAgent] Generated remediation plan.
[2026-01-08 18:34:50] [ReportAgent] Generated daily report.
[2026-01-08 18:35:36] [Orchestrator] Starting agent cycle...
[2026-01-08 18:35:36] [MonitorAgent] Monitoring snapshot: DQI=86.3, HighRisk=12.2%, SAE=9908, Overdue=2309
[2026-01-08 18:35:36] [PredictAgent] FutureRisk VeryHigh=763, AtRisk=0
[2026-01-08 18:35:36] [AlertAgent] Raised 1 alerts.
[2026-01-08 18:35:50] [FixAgent] Generated remediation plan.
[2026-01-08 18:35:50] [ReportAgent] Generated daily report.
[2026-01-08 18:35:50] [Orchestrator] Agent cycle complete.
